// Jest Snapshot v1, https://goo.gl/fbAQLP

exports[`Calendar matches snapshot 1`] = `
<DocumentFragment>
  <div>
    Calendar Component
  </div>
</DocumentFragment>
`;
