// Jest Snapshot v1, https://goo.gl/fbAQLP

exports[`Reminder matches snapshot 1`] = `
<DocumentFragment>
  <div
    data-testid="reminder-root"
  >
    Reminder Component
  </div>
</DocumentFragment>
`;
